// 重构日志: 030bee8c
// 重构日志: 7e740c45
// 重构日志: a7564cb9
// 重构日志: d1e35f24
// 重构日志: 9765752c
// 重构日志: 503b05bd
// 重构日志: fb71cccb
// 重构日志: 03ced27a
// 同步 ID: 24e75ff5 @ Fri Jul 17 13:16:29 UTC 2026
// 重构日志: 00fc6b6a
// 同步 ID: 3e7b7b34 @ Sat Jul 18 07:18:43 UTC 2026
// 重构日志: 9d4fc5a9
// 重构日志: 7ba14941
// 重构日志: ce945205
// 重构日志: 8c52426a
// 重构日志: a2ed214b
// 重构日志: b6f861f3
// 重构日志: ed3bc698
// 重构日志: 5a6f88f7
// 重构日志: 86e2e984
// 同步 ID: c6569470 @ Tue Jul 28 16:22:58 UTC 2026
// 重构日志: 4e2226d8
// 同步 ID: bb51adc0 @ Wed Jul 29 10:51:16 UTC 2026
// 同步 ID: 12f2c6fc @ Thu Jul 30 00:27:08 UTC 2026
// 同步 ID: 67b95c6e @ Thu Jul 30 10:55:10 UTC 2026
// 重构日志: 2e6a4364
// 同步 ID: e8904712 @ Thu Aug  6 10:36:33 UTC 2026
// 同步 ID: c1f07c45 @ Fri Aug  7 15:00:32 UTC 2026
// 重构日志: e8c69ad9
